world: muiogoai (installed) · http://127.0.0.1:5102 · /Users/marcelolafleur/muiogoai/MUIOGO [pinned by launcher]
=== PREFLIGHT ===
  ogclews_link -> /Users/marcelolafleur/Projects/ogclews-link-coupled/ogclews_link  OK
  health fixes present (income_percentiles in health_pop.py)  OK
  ogcore 0.19.1: #1184 reverted, #1189 present  OK
  OG-PHL: calib/multi-industry-remittances @ ad9af7b (0 dirty)
  ogclews-link-coupled: experiment/v18-gold-coupled @ a651b0b (1 dirty)
  OG-PHL contains PR#63 head ec2ee98d  OK
  OG-PHL contains PR#85 head 52b77ca7  OK
  registry: 8-sector multisector calibration, couplable; TPI Anderson (nu=0.2) pinned by the calibration; SS root = calibration's hybr  OK
  health channel: GBD a2dc02fe resolves, PHL M=0.082, in coupled composition  OK

=== GOLD RESULTS VERIFICATION (read-only) ===
  GOLD_BASE: Optimal, objective matches the blessed record  OK
  GOLD_PEP: Optimal, objective matches the blessed record  OK
  gate moratorium: no new coal 2028+ in GOLD_PEP  OK
  gate offshore cap: <= 823 PJ in both runs  OK
  conversion carbon: identical in both runs; EXCLUDED from all coupled inputs (v18.0.1 net-growing forest + symmetric EACR; one-way redesign pending)  OK

=== COUPLED RUN (GOLD_BASE vs GOLD_PEP) ===
[og_runner] ogphl: loaded ogphl_default_parameters.json + ogphl_multisector_default_parameters.json overlay (M=8, I=5)
Please enter your UN API token (press return if you do not have one): Failed to retrieve population data from UN. Reading  from https://github.com/EAPD-DRB/Population-Data instead of UN WPP API
Please enter your UN API token (press return if you do not have one): Failed to retrieve population data from UN. Reading  from https://github.com/EAPD-DRB/Population-Data instead of UN WPP API
Please enter your UN API token (press return if you do not have one): Failed to retrieve population data from UN. Reading  from https://github.com/EAPD-DRB/Population-Data instead of UN WPP API
Demographics data: Initial Data year =  2024 , Final Data year =  2026
Please enter your UN API token (press return if you do not have one): Failed to retrieve population data from UN. Reading  from https://github.com/EAPD-DRB/Population-Data instead of UN WPP API
Please enter your UN API token (press return if you do not have one): Failed to retrieve population data from UN. Reading  from https://github.com/EAPD-DRB/Population-Data instead of UN WPP API
Please enter your UN API token (press return if you do not have one): Failed to retrieve population data from UN. Reading  from https://github.com/EAPD-DRB/Population-Data instead of UN WPP API
[og_runner] demographics: live update applied (UN portal -> github backup) for country 608
[og_runner] baseline: heterogeneous gamma (spread 0.32) -> solving SS by continuation (M=8)
making dir:  /Users/marcelolafleur/Projects/ogclews-link-coupled/ogclews_runs_v18gold/_og_baseline_cache/og-phl-0.1.1-ogphl_multisector_default_parameters/_continuation/anchor/SS
making dir:  /Users/marcelolafleur/Projects/ogclews-link-coupled/ogclews_runs_v18gold/_og_baseline_cache/og-phl-0.1.1-ogphl_multisector_default_parameters/_continuation/anchor/TPI
In runner, baseline is  True
SS using initial guess factors for r and TR of 1.0 and 1.0 respectively.
GE loop errors = ['3.335e-02', '3.253e-02', '-1.345e+00', '-5.948e-01', '-7.373e-01', '-6.819e-01', '-7.366e-01', '-6.475e-01', '-5.965e-01', '-5.283e-01', '0.000e+00', '3.204e+00', '8.435e-03', '5.036e-03', '1.812e-03', '9.064e-04', '4.301e-03', '1.548e-01', '4.338e-02', '1.435e-01', '-1.068e-02']
GE loop errors = ['2.161e-02', '1.967e-02', '-7.233e-01', '-5.358e-01', '-6.990e-01', '-6.356e-01', '-6.983e-01', '-5.962e-01', '-5.378e-01', '-4.596e-01', '0.000e+00', '4.066e+00', '7.720e-02', '1.141e-01', '1.326e-01', '8.361e-02', '1.127e-01', '1.531e-01', '4.291e-02', '1.822e-01', '-6.151e-02']
GE loop errors = ['2.161e-02', '1.967e-02', '-7.233e-01', '-5.358e-01', '-6.990e-01', '-6.356e-01', '-6.983e-01', '-5.962e-01', '-5.378e-01', '-4.596e-01', '0.000e+00', '4.066e+00', '7.720e-02', '1.141e-01', '1.326e-01', '8.361e-02', '1.127e-01', '1.531e-01', '4.291e-02', '1.822e-01', '-6.151e-02']
GE loop errors = ['2.161e-02', '1.967e-02', '-7.233e-01', '-5.358e-01', '-6.990e-01', '-6.356e-01', '-6.983e-01', '-5.962e-01', '-5.378e-01', '-4.596e-01', '0.000e+00', '4.066e+00', '7.720e-02', '1.141e-01', '1.326e-01', '8.361e-02', '1.127e-01', '1.531e-01', '4.291e-02', '1.822e-01', '-6.151e-02']
GE loop errors = ['2.161e-02', '1.967e-02', '-7.233e-01', '-5.358e-01', '-6.990e-01', '-6.356e-01', '-6.983e-01', '-5.962e-01', '-5.378e-01', '-4.596e-01', '0.000e+00', '4.066e+00', '7.720e-02', '1.141e-01', '1.326e-01', '8.361e-02', '1.127e-01', '1.531e-01', '4.291e-02', '1.822e-01', '-6.151e-02']
GE loop errors = ['2.161e-02', '1.967e-02', '-7.233e-01', '-5.358e-01', '-6.990e-01', '-6.356e-01', '-6.983e-01', '-5.962e-01', '-5.378e-01', '-4.596e-01', '0.000e+00', '4.066e+00', '7.720e-02', '1.141e-01', '1.326e-01', '8.361e-02', '1.127e-01', '1.531e-01', '4.291e-02', '1.822e-01', '-6.151e-02']
GE loop errors = ['2.161e-02', '1.967e-02', '-7.233e-01', '-5.358e-01', '-6.990e-01', '-6.356e-01', '-6.983e-01', '-5.962e-01', '-5.378e-01', '-4.596e-01', '0.000e+00', '4.066e+00', '7.720e-02', '1.141e-01', '1.326e-01', '8.361e-02', '1.127e-01', '1.531e-01', '4.291e-02', '1.822e-01', '-6.151e-02']
GE loop errors = ['2.161e-02', '1.967e-02', '-7.233e-01', '-5.358e-01', '-6.990e-01', '-6.356e-01', '-6.983e-01', '-5.962e-01', '-5.378e-01', '-4.596e-01', '0.000e+00', '4.066e+00', '7.720e-02', '1.141e-01', '1.326e-01', '8.361e-02', '1.127e-01', '1.531e-01', '4.291e-02', '1.822e-01', '-6.151e-02']
GE loop errors = ['2.161e-02', '1.967e-02', '-7.233e-01', '-5.358e-01', '-6.990e-01', '-6.356e-01', '-6.983e-01', '-5.962e-01', '-5.378e-01', '-4.596e-01', '0.000e+00', '4.066e+00', '7.720e-02', '1.141e-01', '1.326e-01', '8.361e-02', '1.127e-01', '1.531e-01', '4.291e-02', '1.822e-01', '-6.151e-02']
GE loop errors = ['2.161e-02', '1.967e-02', '-7.233e-01', '-5.358e-01', '-6.990e-01', '-6.356e-01', '-6.983e-01', '-5.962e-01', '-5.378e-01', '-4.596e-01', '0.000e+00', '4.066e+00', '7.720e-02', '1.141e-01', '1.326e-01', '8.361e-02', '1.127e-01', '1.531e-01', '4.291e-02', '1.822e-01', '-6.151e-02']
GE loop errors = ['2.161e-02', '1.967e-02', '-7.233e-01', '-5.358e-01', '-6.990e-01', '-6.356e-01', '-6.983e-01', '-5.962e-01', '-5.378e-01', '-4.596e-01', '0.000e+00', '4.066e+00', '7.720e-02', '1.141e-01', '1.326e-01', '8.361e-02', '1.127e-01', '1.531e-01', '4.291e-02', '1.822e-01', '-6.151e-02']
GE loop errors = ['2.161e-02', '1.967e-02', '-7.233e-01', '-5.358e-01', '-6.990e-01', '-6.356e-01', '-6.983e-01', '-5.962e-01', '-5.378e-01', '-4.596e-01', '0.000e+00', '4.066e+00', '7.720e-02', '1.141e-01', '1.326e-01', '8.361e-02', '1.127e-01', '1.531e-01', '4.291e-02', '1.822e-01', '-6.151e-02']
GE loop errors = ['2.161e-02', '1.967e-02', '-7.233e-01', '-5.358e-01', '-6.990e-01', '-6.356e-01', '-6.983e-01', '-5.962e-01', '-5.378e-01', '-4.596e-01', '0.000e+00', '4.066e+00', '7.720e-02', '1.141e-01', '1.326e-01', '8.361e-02', '1.127e-01', '1.531e-01', '4.291e-02', '1.822e-01', '-6.151e-02']
GE loop errors = ['2.161e-02', '1.967e-02', '-7.233e-01', '-5.358e-01', '-6.990e-01', '-6.356e-01', '-6.983e-01', '-5.962e-01', '-5.378e-01', '-4.596e-01', '-1.490e-08', '4.066e+00', '7.720e-02', '1.141e-01', '1.326e-01', '8.361e-02', '1.127e-01', '1.531e-01', '4.291e-02', '1.822e-01', '-6.151e-02']
GE loop errors = ['2.161e-02', '1.967e-02', '-7.233e-01', '-5.358e-01', '-6.990e-01', '-6.356e-01', '-6.983e-01', '-5.962e-01', '-5.378e-01', '-4.596e-01', '0.000e+00', '4.066e+00', '7.720e-02', '1.141e-01', '1.326e-01', '8.361e-02', '1.127e-01', '1.531e-01', '4.291e-02', '1.822e-01', '-6.151e-02']
GE loop errors = ['2.161e-02', '1.967e-02', '-7.233e-01', '-5.358e-01', '-6.990e-01', '-6.356e-01', '-6.983e-01', '-5.962e-01', '-5.378e-01', '-4.596e-01', '0.000e+00', '4.066e+00', '7.720e-02', '1.141e-01', '1.326e-01', '8.361e-02', '1.127e-01', '1.531e-01', '4.291e-02', '1.822e-01', '-6.151e-02']
GE loop errors = ['2.161e-02', '1.967e-02', '-7.233e-01', '-5.358e-01', '-6.990e-01', '-6.356e-01', '-6.983e-01', '-5.962e-01', '-5.378e-01', '-4.596e-01', '0.000e+00', '4.066e+00', '7.720e-02', '1.141e-01', '1.326e-01', '8.361e-02', '1.127e-01', '1.531e-01', '4.291e-02', '1.822e-01', '-6.151e-02']
GE loop errors = ['2.161e-02', '1.967e-02', '-7.233e-01', '-5.358e-01', '-6.990e-01', '-6.356e-01', '-6.983e-01', '-5.962e-01', '-5.378e-01', '-4.596e-01', '0.000e+00', '4.066e+00', '7.720e-02', '1.141e-01', '1.326e-01', '8.361e-02', '1.127e-01', '1.531e-01', '4.291e-02', '1.822e-01', '-6.151e-02']
GE loop errors = ['2.161e-02', '1.967e-02', '-7.233e-01', '-5.358e-01', '-6.990e-01', '-6.356e-01', '-6.983e-01', '-5.962e-01', '-5.378e-01', '-4.596e-01', '0.000e+00', '4.066e+00', '7.720e-02', '1.141e-01', '1.326e-01', '8.361e-02', '1.127e-01', '1.531e-01', '4.291e-02', '1.822e-01', '-6.151e-02']
GE loop errors = ['2.161e-02', '1.967e-02', '-7.233e-01', '-5.358e-01', '-6.990e-01', '-6.356e-01', '-6.983e-01', '-5.962e-01', '-5.378e-01', '-4.596e-01', '0.000e+00', '4.066e+00', '7.720e-02', '1.141e-01', '1.326e-01', '8.361e-02', '1.127e-01', '1.531e-01', '4.291e-02', '1.822e-01', '-6.151e-02']
GE loop errors = ['2.161e-02', '1.967e-02', '-7.233e-01', '-5.358e-01', '-6.990e-01', '-6.356e-01', '-6.983e-01', '-5.962e-01', '-5.378e-01', '-4.596e-01', '0.000e+00', '4.066e+00', '7.720e-02', '1.141e-01', '1.326e-01', '8.361e-02', '1.127e-01', '1.531e-01', '4.291e-02', '1.822e-01', '-6.151e-02']
GE loop errors = ['2.161e-02', '1.967e-02', '-7.233e-01', '-5.358e-01', '-6.990e-01', '-6.356e-01', '-6.983e-01', '-5.962e-01', '-5.378e-01', '-4.596e-01', '0.000e+00', '4.066e+00', '7.720e-02', '1.141e-01', '1.326e-01', '8.361e-02', '1.127e-01', '1.531e-01', '4.291e-02', '1.822e-01', '-6.151e-02']
GE loop errors = ['2.161e-02', '1.967e-02', '-7.233e-01', '-5.358e-01', '-6.990e-01', '-6.356e-01', '-6.983e-01', '-5.962e-01', '-5.378e-01', '-4.596e-01', '0.000e+00', '4.066e+00', '7.720e-02', '1.141e-01', '1.326e-01', '8.361e-02', '1.127e-01', '1.531e-01', '4.291e-02', '1.822e-01', '-6.151e-02']
GE loop errors = ['2.161e-02', '1.967e-02', '-7.233e-01', '-5.358e-01', '-6.990e-01', '-6.356e-01', '-6.983e-01', '-5.962e-01', '-5.378e-01', '-4.596e-01', '0.000e+00', '4.066e+00', '7.720e-02', '1.141e-01', '1.326e-01', '8.361e-02', '1.127e-01', '1.531e-01', '4.291e-02', '1.822e-01', '-6.151e-02']
GE loop errors = ['-1.816e-02', '-1.962e-02', '1.656e+00', '5.537e-01', '8.019e-01', '6.870e-01', '8.051e-01', '6.278e-01', '5.573e-01', '4.956e-01', '1.110e-16', '-1.525e-01', '2.890e-02', '3.757e-02', '4.240e-02', '-1.426e-01', '6.162e-01', '4.809e-02', '1.022e-01', '-6.832e-03', '-4.969e-03']
GE loop errors = ['8.701e-03', '9.336e-03', '-1.223e+00', '-4.641e-01', '-7.211e-01', '-6.034e-01', '-7.242e-01', '-5.418e-01', '-4.678e-01', '-4.023e-01', '0.000e+00', '3.491e-01', '-1.263e-02', '-1.523e-02', '-1.631e-02', '-2.501e-01', '7.174e-01', '-1.488e-02', '1.175e-01', '1.564e-02', '3.348e-03']
GE loop errors = ['7.698e-04', '8.065e-04', '-1.340e-01', '-8.425e-02', '-1.654e-01', '-1.218e-01', '-1.669e-01', '-1.034e-01', '-8.521e-02', '-7.254e-02', '0.000e+00', '-8.381e-02', '-3.413e-03', '-4.251e-03', '-4.608e-03', '-2.334e-01', '6.802e-01', '-4.517e-03', '1.145e-01', '-3.755e-03', '1.677e-03']
GE loop errors = ['-3.615e-03', '-3.832e-03', '6.145e-01', '2.795e-01', '7.221e-01', '4.589e-01', '7.327e-01', '3.660e-01', '2.839e-01', '2.305e-01', '-2.220e-16', '-1.653e-01', '2.377e-03', '2.761e-03', '2.781e-03', '-2.153e-01', '6.504e-01', '1.836e-03', '1.077e-01', '-7.407e-03', '-2.646e-03']
GE loop errors = ['-3.754e-04', '-4.367e-04', '4.374e-02', '-6.398e-04', '-5.881e-01', '-2.097e-01', '-6.033e-01', '-8.721e-02', '-5.158e-03', '2.215e-02', '1.110e-16', '-5.621e-02', '8.013e-03', '9.863e-03', '1.072e-02', '-2.054e-01', '6.241e-01', '1.042e-02', '1.083e-01', '-2.518e-03', '1.216e-03']
GE loop errors = ['6.919e-04', '7.225e-04', '-9.611e-02', '-8.133e-02', '-1.631e-01', '-1.192e-01', '-1.646e-01', '-1.006e-01', '-8.230e-02', '-6.942e-02', '0.000e+00', '-2.738e-01', '-3.425e-03', '-4.269e-03', '-4.628e-03', '-2.334e-01', '6.581e-01', '-4.540e-03', '1.145e-01', '-1.226e-02', '3.593e-03']
GE loop errors = ['6.684e-04', '6.972e-04', '-8.547e-02', '-8.051e-02', '-1.624e-01', '-1.185e-01', '-1.640e-01', '-9.985e-02', '-8.147e-02', '-6.854e-02', '0.000e+00', '-3.249e-01', '-3.428e-03', '-4.274e-03', '-4.634e-03', '-2.334e-01', '6.521e-01', '-4.547e-03', '1.145e-01', '-1.456e-02', '4.124e-03']
GE loop errors = ['6.463e-04', '6.733e-04', '-7.573e-02', '-7.975e-02', '-1.618e-01', '-1.178e-01', '-1.634e-01', '-9.914e-02', '-8.071e-02', '-6.773e-02', '0.000e+00', '-3.710e-01', '-3.432e-03', '-4.279e-03', '-4.639e-03', '-2.334e-01', '6.468e-01', '-4.553e-03', '1.145e-01', '-1.662e-02', '4.608e-03']
GE loop errors = ['6.257e-04', '6.510e-04', '-6.682e-02', '-7.905e-02', '-1.613e-01', '-1.172e-01', '-1.628e-01', '-9.849e-02', '-8.002e-02', '-6.699e-02', '0.000e+00', '-4.125e-01', '-3.435e-03', '-4.283e-03', '-4.644e-03', '-2.334e-01', '6.419e-01', '-4.560e-03', '1.145e-01', '-1.848e-02', '5.049e-03']
GE loop errors = ['6.064e-04', '6.302e-04', '-5.868e-02', '-7.841e-02', '-1.608e-01', '-1.166e-01', '-1.623e-01', '-9.789e-02', '-7.938e-02', '-6.630e-02', '0.000e+00', '-4.498e-01', '-3.438e-03', '-4.287e-03', '-4.649e-03', '-2.334e-01', '6.376e-01', '-4.565e-03', '1.145e-01', '-2.015e-02', '5.450e-03']
GE loop errors = ['5.885e-04', '6.109e-04', '-5.126e-02', '-7.783e-02', '-1.603e-01', '-1.161e-01', '-1.618e-01', '-9.734e-02', '-7.880e-02', '-6.568e-02', '0.000e+00', '-4.834e-01', '-3.441e-03', '-4.291e-03', '-4.654e-03', '-2.334e-01', '6.337e-01', '-4.571e-03', '1.145e-01', '-2.166e-02', '5.813e-03']
GE loop errors = ['5.719e-04', '5.930e-04', '-4.450e-02', '-7.729e-02', '-1.599e-01', '-1.157e-01', '-1.614e-01', '-9.684e-02', '-7.827e-02', '-6.511e-02', '0.000e+00', '-5.137e-01', '-3.443e-03', '-4.295e-03', '-4.658e-03', '-2.334e-01', '6.302e-01', '-4.576e-03', '1.145e-01', '-2.301e-02', '6.144e-03']
GE loop errors = ['5.566e-04', '5.765e-04', '-3.835e-02', '-7.681e-02', '-1.595e-01', '-1.152e-01', '-1.610e-01', '-9.639e-02', '-7.778e-02', '-6.460e-02', '0.000e+00', '-5.410e-01', '-3.446e-03', '-4.298e-03', '-4.662e-03', '-2.334e-01', '6.270e-01', '-4.580e-03', '1.145e-01', '-2.424e-02', '6.443e-03']
GE loop errors = ['5.425e-04', '5.613e-04', '-3.276e-02', '-7.637e-02', '-1.591e-01', '-1.148e-01', '-1.607e-01', '-9.597e-02', '-7.734e-02', '-6.412e-02', '0.000e+00', '-5.655e-01', '-3.448e-03', '-4.301e-03', '-4.666e-03', '-2.334e-01', '6.242e-01', '-4.584e-03', '1.145e-01', '-2.533e-02', '6.715e-03']
GE loop errors = ['5.296e-04', '5.473e-04', '-2.768e-02', '-7.596e-02', '-1.588e-01', '-1.145e-01', '-1.604e-01', '-9.559e-02', '-7.694e-02', '-6.369e-02', '0.000e+00', '-5.876e-01', '-3.450e-03', '-4.304e-03', '-4.669e-03', '-2.334e-01', '6.216e-01', '-4.588e-03', '1.145e-01', '-2.632e-02', '6.960e-03']
GE loop errors = ['5.178e-04', '5.346e-04', '-2.308e-02', '-7.560e-02', '-1.585e-01', '-1.141e-01', '-1.601e-01', '-9.525e-02', '-7.657e-02', '-6.330e-02', '-1.490e-08', '-6.075e-01', '-3.452e-03', '-4.307e-03', '-4.672e-03', '-2.334e-01', '6.193e-01', '-4.592e-03', '1.145e-01', '-2.721e-02', '7.183e-03']
GE loop errors = ['5.069e-04', '5.229e-04', '-1.890e-02', '-7.527e-02', '-1.583e-01', '-1.139e-01', '-1.598e-01', '-9.494e-02', '-7.624e-02', '-6.295e-02', '0.000e+00', '-6.254e-01', '-3.453e-03', '-4.309e-03', '-4.675e-03', '-2.334e-01', '6.172e-01', '-4.595e-03', '1.145e-01', '-2.802e-02', '7.384e-03']
GE loop errors = ['4.971e-04', '5.122e-04', '-1.512e-02', '-7.497e-02', '-1.580e-01', '-1.136e-01', '-1.596e-01', '-9.466e-02', '-7.594e-02', '-6.263e-02', '0.000e+00', '-6.415e-01', '-3.455e-03', '-4.311e-03', '-4.677e-03', '-2.334e-01', '6.154e-01', '-4.598e-03', '1.145e-01', '-2.874e-02', '7.566e-03']
GE loop errors = ['4.880e-04', '5.025e-04', '-1.169e-02', '-7.469e-02', '-1.578e-01', '-1.133e-01', '-1.594e-01', '-9.440e-02', '-7.567e-02', '-6.234e-02', '0.000e+00', '-6.560e-01', '-3.456e-03', '-4.313e-03', '-4.679e-03', '-2.334e-01', '6.137e-01', '-4.601e-03', '1.145e-01', '-2.939e-02', '7.730e-03']
GE loop errors = ['4.798e-04', '4.936e-04', '-8.593e-03', '-7.445e-02', '-1.576e-01', '-1.131e-01', '-1.592e-01', '-9.417e-02', '-7.542e-02', '-6.207e-02', '0.000e+00', '-6.690e-01', '-3.458e-03', '-4.315e-03', '-4.681e-03', '-2.335e-01', '6.122e-01', '-4.603e-03', '1.145e-01', '-2.997e-02', '7.879e-03']
GE loop errors = ['4.724e-04', '4.855e-04', '-5.790e-03', '-7.422e-02', '-1.574e-01', '-1.129e-01', '-1.590e-01', '-9.396e-02', '-7.520e-02', '-6.183e-02', '0.000e+00', '-6.808e-01', '-3.459e-03', '-4.317e-03', '-4.683e-03', '-2.335e-01', '6.108e-01', '-4.605e-03', '1.145e-01', '-3.050e-02', '8.013e-03']
GE loop errors = ['4.656e-04', '4.782e-04', '-3.256e-03', '-7.402e-02', '-1.573e-01', '-1.127e-01', '-1.588e-01', '-9.377e-02', '-7.500e-02', '-6.162e-02', '0.000e+00', '-6.914e-01', '-3.460e-03', '-4.318e-03', '-4.685e-03', '-2.335e-01', '6.096e-01', '-4.607e-03', '1.145e-01', '-3.097e-02', '8.134e-03']
GE loop errors = ['4.594e-04', '4.716e-04', '-9.659e-04', '-7.384e-02', '-1.571e-01', '-1.126e-01', '-1.587e-01', '-9.360e-02', '-7.482e-02', '-6.142e-02', '0.000e+00', '-7.009e-01', '-3.461e-03', '-4.320e-03', '-4.687e-03', '-2.335e-01', '6.085e-01', '-4.609e-03', '1.145e-01', '-3.140e-02', '8.243e-03']
GE loop errors = ['4.539e-04', '4.656e-04', '1.102e-03', '-7.367e-02', '-1.570e-01', '-1.124e-01', '-1.586e-01', '-9.344e-02', '-7.465e-02', '-6.125e-02', '0.000e+00', '-7.095e-01', '-3.462e-03', '-4.321e-03', '-4.688e-03', '-2.335e-01', '6.075e-01', '-4.611e-03', '1.145e-01', '-3.178e-02', '8.341e-03']
GE loop errors = ['4.488e-04', '4.601e-04', '2.970e-03', '-7.352e-02', '-1.569e-01', '-1.123e-01', '-1.584e-01', '-9.330e-02', '-7.450e-02', '-6.109e-02', '0.000e+00', '-7.172e-01', '-3.462e-03', '-4.322e-03', '-4.689e-03', '-2.335e-01', '6.066e-01', '-4.612e-03', '1.145e-01', '-3.213e-02', '8.430e-03']
GE loop errors = ['4.442e-04', '4.552e-04', '4.655e-03', '-7.339e-02', '-1.568e-01', '-1.122e-01', '-1.583e-01', '-9.318e-02', '-7.437e-02', '-6.094e-02', '0.000e+00', '-7.241e-01', '-3.463e-03', '-4.323e-03', '-4.690e-03', '-2.335e-01', '6.058e-01', '-4.614e-03', '1.145e-01', '-3.244e-02', '8.510e-03']
GE loop errors = ['4.401e-04', '4.507e-04', '6.176e-03', '-7.326e-02', '-1.567e-01', '-1.121e-01', '-1.582e-01', '-9.306e-02', '-7.424e-02', '-6.081e-02', '-4.510e-11', '-7.304e-01', '-3.464e-03', '-4.324e-03', '-4.692e-03', '-2.335e-01', '6.051e-01', '-4.615e-03', '1.145e-01', '-3.272e-02', '8.583e-03']
GE loop errors = ['4.363e-04', '4.466e-04', '7.549e-03', '-7.315e-02', '-1.566e-01', '-1.120e-01', '-1.581e-01', '-9.296e-02', '-7.413e-02', '-6.069e-02', '-4.489e-11', '-7.360e-01', '-3.464e-03', '-4.325e-03', '-4.692e-03', '-2.335e-01', '6.044e-01', '-4.616e-03', '1.145e-01', '-3.297e-02', '8.648e-03']
GE loop errors = ['4.329e-04', '4.430e-04', '8.786e-03', '-7.305e-02', '-1.565e-01', '-1.119e-01', '-1.581e-01', '-9.287e-02', '-7.403e-02', '-6.059e-02', '-4.408e-11', '-7.411e-01', '-3.465e-03', '-4.326e-03', '-4.693e-03', '-2.335e-01', '6.038e-01', '-4.617e-03', '1.145e-01', '-3.320e-02', '8.707e-03']
GE loop errors = ['4.299e-04', '4.397e-04', '9.902e-03', '-7.296e-02', '-1.564e-01', '-1.118e-01', '-1.580e-01', '-9.278e-02', '-7.394e-02', '-6.049e-02', '-4.107e-11', '-7.456e-01', '-3.465e-03', '-4.326e-03', '-4.694e-03', '-2.335e-01', '6.033e-01', '-4.618e-03', '1.145e-01', '-3.340e-02', '8.759e-03']
GE loop errors = ['4.271e-04', '4.367e-04', '1.091e-02', '-7.288e-02', '-1.564e-01', '-1.117e-01', '-1.579e-01', '-9.271e-02', '-7.386e-02', '-6.041e-02', '-3.226e-11', '-7.497e-01', '-3.466e-03', '-4.327e-03', '-4.695e-03', '-2.335e-01', '6.028e-01', '-4.619e-03', '1.145e-01', '-3.359e-02', '8.807e-03']
GE loop errors = ['4.246e-04', '4.340e-04', '1.182e-02', '-7.281e-02', '-1.563e-01', '-1.117e-01', '-1.579e-01', '-9.264e-02', '-7.379e-02', '-6.033e-02', '-1.761e-11', '-7.534e-01', '-3.466e-03', '-4.327e-03', '-4.695e-03', '-2.335e-01', '6.024e-01', '-4.619e-03', '1.145e-01', '-3.375e-02', '8.850e-03']
GE loop errors = ['4.224e-04', '4.316e-04', '1.263e-02', '-7.274e-02', '-1.563e-01', '-1.116e-01', '-1.578e-01', '-9.258e-02', '-7.373e-02', '-6.026e-02', '-6.569e-12', '-7.567e-01', '-3.467e-03', '-4.328e-03', '-4.696e-03', '-2.335e-01', '6.020e-01', '-4.620e-03', '1.145e-01', '-3.390e-02', '8.889e-03']
GE loop errors = ['4.203e-04', '4.294e-04', '1.337e-02', '-7.269e-02', '-1.562e-01', '-1.116e-01', '-1.578e-01', '-9.252e-02', '-7.367e-02', '-6.019e-02', '-2.025e-12', '-7.597e-01', '-3.467e-03', '-4.328e-03', '-4.697e-03', '-2.335e-01', '6.017e-01', '-4.621e-03', '1.145e-01', '-3.404e-02', '8.924e-03']
SS using initial guess factors for r and TR of 0.95 and 1.0 respectively.
GE loop errors = ['3.803e-02', '3.737e-02', '-1.674e+00', '-6.216e-01', '-7.547e-01', '-7.030e-01', '-7.541e-01', '-6.709e-01', '-6.232e-01', '-5.595e-01', '0.000e+00', '3.173e+00', '8.451e-03', '5.045e-03', '1.816e-03', '9.084e-04', '4.307e-03', '1.557e-01', '4.384e-02', '1.421e-01', '-8.855e-03']
GE loop errors = ['2.561e-02', '2.376e-02', '-1.033e+00', '-5.638e-01', '-7.172e-01', '-6.576e-01', '-7.165e-01', '-6.206e-01', '-5.657e-01', '-4.923e-01', '0.000e+00', '4.062e+00', '7.723e-02', '1.145e-01', '1.333e-01', '8.413e-02', '1.131e-01', '1.539e-01', '4.335e-02', '1.820e-01', '-6.141e-02']
GE loop errors = ['2.561e-02', '2.376e-02', '-1.033e+00', '-5.638e-01', '-7.172e-01', '-6.576e-01', '-7.165e-01', '-6.206e-01', '-5.657e-01', '-4.923e-01', '0.000e+00', '4.062e+00', '7.723e-02', '1.145e-01', '1.333e-01', '8.413e-02', '1.131e-01', '1.539e-01', '4.335e-02', '1.820e-01', '-6.141e-02']
GE loop errors = ['2.561e-02', '2.376e-02', '-1.033e+00', '-5.638e-01', '-7.172e-01', '-6.576e-01', '-7.165e-01', '-6.206e-01', '-5.657e-01', '-4.923e-01', '0.000e+00', '4.062e+00', '7.723e-02', '1.145e-01', '1.333e-01', '8.413e-02', '1.131e-01', '1.539e-01', '4.335e-02', '1.820e-01', '-6.141e-02']
GE loop errors = ['2.561e-02', '2.376e-02', '-1.033e+00', '-5.638e-01', '-7.172e-01', '-6.576e-01', '-7.165e-01', '-6.206e-01', '-5.657e-01', '-4.923e-01', '0.000e+00', '4.062e+00', '7.723e-02', '1.145e-01', '1.333e-01', '8.413e-02', '1.131e-01', '1.539e-01', '4.335e-02', '1.820e-01', '-6.141e-02']
GE loop errors = ['2.561e-02', '2.376e-02', '-1.033e+00', '-5.638e-01', '-7.172e-01', '-6.576e-01', '-7.165e-01', '-6.206e-01', '-5.657e-01', '-4.923e-01', '0.000e+00', '4.062e+00', '7.723e-02', '1.145e-01', '1.333e-01', '8.413e-02', '1.131e-01', '1.539e-01', '4.335e-02', '1.820e-01', '-6.141e-02']
GE loop errors = ['2.561e-02', '2.376e-02', '-1.033e+00', '-5.638e-01', '-7.172e-01', '-6.576e-01', '-7.165e-01', '-6.206e-01', '-5.657e-01', '-4.923e-01', '0.000e+00', '4.062e+00', '7.723e-02', '1.145e-01', '1.333e-01', '8.413e-02', '1.131e-01', '1.539e-01', '4.335e-02', '1.820e-01', '-6.141e-02']
GE loop errors = ['2.561e-02', '2.376e-02', '-1.033e+00', '-5.638e-01', '-7.172e-01', '-6.576e-01', '-7.165e-01', '-6.206e-01', '-5.657e-01', '-4.923e-01', '0.000e+00', '4.062e+00', '7.723e-02', '1.145e-01', '1.333e-01', '8.413e-02', '1.131e-01', '1.539e-01', '4.335e-02', '1.820e-01', '-6.141e-02']
GE loop errors = ['2.561e-02', '2.376e-02', '-1.033e+00', '-5.638e-01', '-7.172e-01', '-6.576e-01', '-7.165e-01', '-6.206e-01', '-5.657e-01', '-4.923e-01', '0.000e+00', '4.062e+00', '7.723e-02', '1.145e-01', '1.333e-01', '8.413e-02', '1.131e-01', '1.539e-01', '4.335e-02', '1.820e-01', '-6.141e-02']
GE loop errors = ['2.561e-02', '2.376e-02', '-1.033e+00', '-5.638e-01', '-7.172e-01', '-6.576e-01', '-7.165e-01', '-6.206e-01', '-5.657e-01', '-4.923e-01', '0.000e+00', '4.062e+00', '7.723e-02', '1.145e-01', '1.333e-01', '8.413e-02', '1.131e-01', '1.539e-01', '4.335e-02', '1.820e-01', '-6.141e-02']
GE loop errors = ['2.561e-02', '2.376e-02', '-1.033e+00', '-5.638e-01', '-7.172e-01', '-6.576e-01', '-7.165e-01', '-6.206e-01', '-5.657e-01', '-4.923e-01', '0.000e+00', '4.062e+00', '7.723e-02', '1.145e-01', '1.333e-01', '8.413e-02', '1.131e-01', '1.539e-01', '4.335e-02', '1.820e-01', '-6.141e-02']
GE loop errors = ['2.561e-02', '2.376e-02', '-1.033e+00', '-5.638e-01', '-7.172e-01', '-6.576e-01', '-7.165e-01', '-6.206e-01', '-5.657e-01', '-4.923e-01', '0.000e+00', '4.062e+00', '7.723e-02', '1.145e-01', '1.333e-01', '8.413e-02', '1.131e-01', '1.539e-01', '4.335e-02', '1.820e-01', '-6.141e-02']
GE loop errors = ['2.561e-02', '2.376e-02', '-1.033e+00', '-5.638e-01', '-7.172e-01', '-6.576e-01', '-7.165e-01', '-6.206e-01', '-5.657e-01', '-4.923e-01', '0.000e+00', '4.062e+00', '7.723e-02', '1.145e-01', '1.333e-01', '8.413e-02', '1.131e-01', '1.539e-01', '4.335e-02', '1.820e-01', '-6.141e-02']
GE loop errors = ['2.561e-02', '2.376e-02', '-1.033e+00', '-5.638e-01', '-7.172e-01', '-6.576e-01', '-7.165e-01', '-6.206e-01', '-5.657e-01', '-4.923e-01', '-1.490e-08', '4.062e+00', '7.723e-02', '1.145e-01', '1.333e-01', '8.413e-02', '1.131e-01', '1.539e-01', '4.335e-02', '1.820e-01', '-6.141e-02']
GE loop errors = ['2.561e-02', '2.376e-02', '-1.033e+00', '-5.638e-01', '-7.172e-01', '-6.576e-01', '-7.165e-01', '-6.206e-01', '-5.657e-01', '-4.923e-01', '0.000e+00', '4.062e+00', '7.723e-02', '1.145e-01', '1.333e-01', '8.413e-02', '1.131e-01', '1.539e-01', '4.335e-02', '1.820e-01', '-6.141e-02']
GE loop errors = ['2.561e-02', '2.376e-02', '-1.033e+00', '-5.638e-01', '-7.172e-01', '-6.576e-01', '-7.165e-01', '-6.206e-01', '-5.657e-01', '-4.923e-01', '0.000e+00', '4.062e+00', '7.723e-02', '1.145e-01', '1.333e-01', '8.413e-02', '1.131e-01', '1.539e-01', '4.335e-02', '1.820e-01', '-6.141e-02']
GE loop errors = ['2.561e-02', '2.376e-02', '-1.033e+00', '-5.638e-01', '-7.172e-01', '-6.576e-01', '-7.165e-01', '-6.206e-01', '-5.657e-01', '-4.923e-01', '0.000e+00', '4.062e+00', '7.723e-02', '1.145e-01', '1.333e-01', '8.413e-02', '1.131e-01', '1.539e-01', '4.335e-02', '1.820e-01', '-6.141e-02']
GE loop errors = ['2.561e-02', '2.376e-02', '-1.033e+00', '-5.638e-01', '-7.172e-01', '-6.576e-01', '-7.165e-01', '-6.206e-01', '-5.657e-01', '-4.923e-01', '0.000e+00', '4.062e+00', '7.723e-02', '1.145e-01', '1.333e-01', '8.413e-02', '1.131e-01', '1.539e-01', '4.335e-02', '1.820e-01', '-6.141e-02']
GE loop errors = ['2.561e-02', '2.376e-02', '-1.033e+00', '-5.638e-01', '-7.172e-01', '-6.576e-01', '-7.165e-01', '-6.206e-01', '-5.657e-01', '-4.923e-01', '0.000e+00', '4.062e+00', '7.723e-02', '1.145e-01', '1.333e-01', '8.413e-02', '1.131e-01', '1.539e-01', '4.335e-02', '1.820e-01', '-6.141e-02']
GE loop errors = ['2.561e-02', '2.376e-02', '-1.033e+00', '-5.638e-01', '-7.172e-01', '-6.576e-01', '-7.165e-01', '-6.206e-01', '-5.657e-01', '-4.923e-01', '0.000e+00', '4.062e+00', '7.723e-02', '1.145e-01', '1.333e-01', '8.413e-02', '1.131e-01', '1.539e-01', '4.335e-02', '1.820e-01', '-6.141e-02']
GE loop errors = ['2.561e-02', '2.376e-02', '-1.033e+00', '-5.638e-01', '-7.172e-01', '-6.576e-01', '-7.165e-01', '-6.206e-01', '-5.657e-01', '-4.923e-01', '0.000e+00', '4.062e+00', '7.723e-02', '1.145e-01', '1.333e-01', '8.413e-02', '1.131e-01', '1.539e-01', '4.335e-02', '1.820e-01', '-6.141e-02']
GE loop errors = ['2.561e-02', '2.376e-02', '-1.033e+00', '-5.638e-01', '-7.172e-01', '-6.576e-01', '-7.165e-01', '-6.206e-01', '-5.657e-01', '-4.923e-01', '0.000e+00', '4.062e+00', '7.723e-02', '1.145e-01', '1.333e-01', '8.413e-02', '1.131e-01', '1.539e-01', '4.335e-02', '1.820e-01', '-6.141e-02']
GE loop errors = ['2.561e-02', '2.376e-02', '-1.033e+00', '-5.638e-01', '-7.172e-01', '-6.576e-01', '-7.165e-01', '-6.206e-01', '-5.657e-01', '-4.923e-01', '0.000e+00', '4.062e+00', '7.723e-02', '1.145e-01', '1.333e-01', '8.413e-02', '1.131e-01', '1.539e-01', '4.335e-02', '1.820e-01', '-6.141e-02']
GE loop errors = ['2.561e-02', '2.376e-02', '-1.033e+00', '-5.638e-01', '-7.172e-01', '-6.576e-01', '-7.165e-01', '-6.206e-01', '-5.657e-01', '-4.923e-01', '0.000e+00', '4.062e+00', '7.723e-02', '1.145e-01', '1.333e-01', '8.413e-02', '1.131e-01', '1.539e-01', '4.335e-02', '1.820e-01', '-6.141e-02']
GE loop errors = ['nan', '7.350e-01', '-5.212e+00', 'nan', 'nan', 'nan', 'nan', 'nan', 'nan', 'nan', '0.000e+00', 'nan', 'nan', 'nan', 'nan', 'nan', 'nan', 'nan', 'nan', 'nan', 'nan']
GE loop errors = ['nan', 'nan', 'nan', 'nan', 'nan', 'nan', 'nan', 'nan', 'nan', 'nan', 'nan', 'nan', 'nan', 'nan', 'nan', 'nan', 'nan', 'nan', 'nan', 'nan', 'nan']
GE loop errors = ['2.561e-02', '2.376e-02', '-1.033e+00', '-5.638e-01', '-7.172e-01', '-6.576e-01', '-7.165e-01', '-6.206e-01', '-5.657e-01', '-4.923e-01', '0.000e+00', '4.062e+00', '7.723e-02', '1.145e-01', '1.333e-01', '8.413e-02', '1.131e-01', '1.539e-01', '4.335e-02', '1.820e-01', '-6.141e-02']
GE loop errors = ['2.561e-02', '2.376e-02', '-1.033e+00', '-5.638e-01', '-7.172e-01', '-6.576e-01', '-7.165e-01', '-6.206e-01', '-5.657e-01', '-4.923e-01', '0.000e+00', '4.062e+00', '7.723e-02', '1.145e-01', '1.333e-01', '8.413e-02', '1.131e-01', '1.539e-01', '4.335e-02', '1.820e-01', '-6.141e-02']
GE loop errors = ['2.561e-02', '2.376e-02', '-1.033e+00', '-5.638e-01', '-7.172e-01', '-6.576e-01', '-7.165e-01', '-6.206e-01', '-5.657e-01', '-4.923e-01', '0.000e+00', '4.062e+00', '7.723e-02', '1.145e-01', '1.333e-01', '8.413e-02', '1.131e-01', '1.539e-01', '4.335e-02', '1.820e-01', '-6.141e-02']
GE loop errors = ['2.561e-02', '2.376e-02', '-1.033e+00', '-5.638e-01', '-7.172e-01', '-6.576e-01', '-7.165e-01', '-6.206e-01', '-5.657e-01', '-4.923e-01', '0.000e+00', '4.062e+00', '7.723e-02', '1.145e-01', '1.333e-01', '8.413e-02', '1.131e-01', '1.539e-01', '4.335e-02', '1.820e-01', '-6.141e-02']
GE loop errors = ['2.561e-02', '2.376e-02', '-1.033e+00', '-5.638e-01', '-7.172e-01', '-6.576e-01', '-7.165e-01', '-6.206e-01', '-5.657e-01', '-4.923e-01', '0.000e+00', '4.062e+00', '7.723e-02', '1.145e-01', '1.333e-01', '8.413e-02', '1.131e-01', '1.539e-01', '4.335e-02', '1.820e-01', '-6.141e-02']
GE loop errors = ['2.561e-02', '2.376e-02', '-1.033e+00', '-5.638e-01', '-7.172e-01', '-6.576e-01', '-7.165e-01', '-6.206e-01', '-5.657e-01', '-4.923e-01', '0.000e+00', '4.062e+00', '7.723e-02', '1.145e-01', '1.333e-01', '8.413e-02', '1.131e-01', '1.539e-01', '4.335e-02', '1.820e-01', '-6.141e-02']
GE loop errors = ['2.561e-02', '2.376e-02', '-1.033e+00', '-5.638e-01', '-7.172e-01', '-6.576e-01', '-7.165e-01', '-6.206e-01', '-5.657e-01', '-4.923e-01', '0.000e+00', '4.062e+00', '7.723e-02', '1.145e-01', '1.333e-01', '8.413e-02', '1.131e-01', '1.539e-01', '4.335e-02', '1.820e-01', '-6.141e-02']
GE loop errors = ['2.561e-02', '2.376e-02', '-1.033e+00', '-5.638e-01', '-7.172e-01', '-6.576e-01', '-7.165e-01', '-6.206e-01', '-5.657e-01', '-4.923e-01', '0.000e+00', '4.062e+00', '7.723e-02', '1.145e-01', '1.333e-01', '8.413e-02', '1.131e-01', '1.539e-01', '4.335e-02', '1.820e-01', '-6.141e-02']
GE loop errors = ['2.561e-02', '2.376e-02', '-1.033e+00', '-5.638e-01', '-7.172e-01', '-6.576e-01', '-7.165e-01', '-6.206e-01', '-5.657e-01', '-4.923e-01', '0.000e+00', '4.062e+00', '7.723e-02', '1.145e-01', '1.333e-01', '8.413e-02', '1.131e-01', '1.539e-01', '4.335e-02', '1.820e-01', '-6.141e-02']
GE loop errors = ['2.561e-02', '2.376e-02', '-1.033e+00', '-5.638e-01', '-7.172e-01', '-6.576e-01', '-7.165e-01', '-6.206e-01', '-5.657e-01', '-4.923e-01', '0.000e+00', '4.062e+00', '7.723e-02', '1.145e-01', '1.333e-01', '8.413e-02', '1.131e-01', '1.539e-01', '4.335e-02', '1.820e-01', '-6.141e-02']
GE loop errors = ['2.561e-02', '2.376e-02', '-1.033e+00', '-5.638e-01', '-7.172e-01', '-6.576e-01', '-7.165e-01', '-6.206e-01', '-5.657e-01', '-4.923e-01', '-1.490e-08', '4.062e+00', '7.723e-02', '1.145e-01', '1.333e-01', '8.413e-02', '1.131e-01', '1.539e-01', '4.335e-02', '1.820e-01', '-6.141e-02']
GE loop errors = ['2.561e-02', '2.376e-02', '-1.033e+00', '-5.638e-01', '-7.172e-01', '-6.576e-01', '-7.165e-01', '-6.206e-01', '-5.657e-01', '-4.923e-01', '0.000e+00', '4.062e+00', '7.723e-02', '1.145e-01', '1.333e-01', '8.413e-02', '1.131e-01', '1.539e-01', '4.335e-02', '1.820e-01', '-6.141e-02']
GE loop errors = ['2.561e-02', '2.376e-02', '-1.033e+00', '-5.638e-01', '-7.172e-01', '-6.576e-01', '-7.165e-01', '-6.206e-01', '-5.657e-01', '-4.923e-01', '0.000e+00', '4.062e+00', '7.723e-02', '1.145e-01', '1.333e-01', '8.413e-02', '1.131e-01', '1.539e-01', '4.335e-02', '1.820e-01', '-6.141e-02']
GE loop errors = ['2.561e-02', '2.376e-02', '-1.033e+00', '-5.638e-01', '-7.172e-01', '-6.576e-01', '-7.165e-01', '-6.206e-01', '-5.657e-01', '-4.923e-01', '0.000e+00', '4.062e+00', '7.723e-02', '1.145e-01', '1.333e-01', '8.413e-02', '1.131e-01', '1.539e-01', '4.335e-02', '1.820e-01', '-6.141e-02']
GE loop errors = ['2.561e-02', '2.376e-02', '-1.033e+00', '-5.638e-01', '-7.172e-01', '-6.576e-01', '-7.165e-01', '-6.206e-01', '-5.657e-01', '-4.923e-01', '0.000e+00', '4.062e+00', '7.723e-02', '1.145e-01', '1.333e-01', '8.413e-02', '1.131e-01', '1.539e-01', '4.335e-02', '1.820e-01', '-6.141e-02']
GE loop errors = ['2.561e-02', '2.376e-02', '-1.033e+00', '-5.638e-01', '-7.172e-01', '-6.576e-01', '-7.165e-01', '-6.206e-01', '-5.657e-01', '-4.923e-01', '0.000e+00', '4.062e+00', '7.723e-02', '1.145e-01', '1.333e-01', '8.413e-02', '1.131e-01', '1.539e-01', '4.335e-02', '1.820e-01', '-6.141e-02']
GE loop errors = ['2.561e-02', '2.376e-02', '-1.033e+00', '-5.638e-01', '-7.172e-01', '-6.576e-01', '-7.165e-01', '-6.206e-01', '-5.657e-01', '-4.923e-01', '0.000e+00', '4.062e+00', '7.723e-02', '1.145e-01', '1.333e-01', '8.413e-02', '1.131e-01', '1.539e-01', '4.335e-02', '1.820e-01', '-6.141e-02']
GE loop errors = ['2.561e-02', '2.376e-02', '-1.033e+00', '-5.638e-01', '-7.172e-01', '-6.576e-01', '-7.165e-01', '-6.206e-01', '-5.657e-01', '-4.923e-01', '0.000e+00', '4.062e+00', '7.723e-02', '1.145e-01', '1.333e-01', '8.413e-02', '1.131e-01', '1.539e-01', '4.335e-02', '1.820e-01', '-6.141e-02']
GE loop errors = ['2.561e-02', '2.376e-02', '-1.033e+00', '-5.638e-01', '-7.172e-01', '-6.576e-01', '-7.165e-01', '-6.206e-01', '-5.657e-01', '-4.923e-01', '0.000e+00', '4.062e+00', '7.723e-02', '1.145e-01', '1.333e-01', '8.413e-02', '1.131e-01', '1.539e-01', '4.335e-02', '1.820e-01', '-6.141e-02']
GE loop errors = ['2.561e-02', '2.376e-02', '-1.033e+00', '-5.638e-01', '-7.172e-01', '-6.576e-01', '-7.165e-01', '-6.206e-01', '-5.657e-01', '-4.923e-01', '0.000e+00', '4.062e+00', '7.723e-02', '1.145e-01', '1.333e-01', '8.413e-02', '1.131e-01', '1.539e-01', '4.335e-02', '1.820e-01', '-6.141e-02']
GE loop errors = ['2.561e-02', '2.376e-02', '-1.033e+00', '-5.638e-01', '-7.172e-01', '-6.576e-01', '-7.165e-01', '-6.206e-01', '-5.657e-01', '-4.923e-01', '0.000e+00', '4.062e+00', '7.723e-02', '1.145e-01', '1.333e-01', '8.413e-02', '1.131e-01', '1.539e-01', '4.335e-02', '1.820e-01', '-6.141e-02']
GE loop errors = ['1.452e-02', '-1.772e-02', '1.426e+00', '6.749e-02', '8.161e-01', '6.941e-01', '8.204e-01', '6.274e-01', '5.542e-01', '1.076e+00', '0.000e+00', '-4.522e-01', '6.210e-04', '7.327e-04', '1.222e-01', '6.658e-04', '3.280e-02', '2.824e-03', '7.065e-04', '-2.026e-02', '-3.649e-02']
GE loop errors = ['3.888e-02', '1.092e-02', '-1.214e+00', '-4.705e-01', '-6.765e-01', '-5.662e-01', '-6.805e-01', '-5.057e-01', '-4.405e-01', '-4.489e-01', '-2.220e-16', '4.628e-01', '-2.654e-03', '-3.433e-03', '1.141e-01', '-2.322e-03', '2.478e-02', '-4.263e-03', '-6.308e-04', '2.074e-02', '-2.281e-02']
GE loop errors = ['3.118e-02', '2.873e-03', '-3.708e-01', '-3.008e-01', '-2.480e-01', '-1.930e-01', '-2.503e-01', '-1.665e-01', '-1.416e-01', '-1.510e-02', '0.000e+00', '1.122e-01', '1.098e-04', '1.821e-04', '1.143e-01', '1.174e-04', '2.861e-02', '2.032e-04', '9.637e-05', '5.028e-03', '-2.642e-02']
GE loop errors = ['2.564e-02', '-3.135e-03', '3.698e-01', '-1.665e-01', '2.817e-01', '1.867e-01', '2.867e-01', '1.490e-01', '1.220e-01', '4.816e-01', '0.000e+00', '-1.315e-01', '-3.891e-04', '-5.805e-04', '1.138e-01', '-4.430e-04', '2.792e-02', '-8.409e-04', '-1.928e-04', '-5.891e-03', '-3.084e-02']
GE loop errors = ['2.903e-02', '8.753e-04', '-9.161e-02', '-2.310e-01', '-1.241e-01', '-4.191e-02', '-1.292e-01', '-1.737e-02', '-9.519e-03', '1.415e-01', '0.000e+00', '3.175e-02', '5.093e-04', '7.040e-04', '1.132e-01', '5.137e-04', '2.903e-02', '9.597e-04', '1.822e-04', '1.422e-03', '-2.751e-02']
GE loop errors = ['2.884e-02', '6.689e-04', '-5.411e-02', '-2.572e-01', '1.358e-01', '-6.862e-02', '1.509e-01', '-1.036e-01', '-8.809e-02', '2.275e-01', '0.000e+00', '3.219e-02', '4.980e-05', '9.333e-05', '1.130e-01', '7.576e-05', '2.828e-02', '5.755e-05', '-2.634e-05', '1.442e-03', '-2.787e-02']
GE loop errors = ['2.418e-02', '-3.311e-03', '1.969e-01', '-8.012e-02', '-9.208e-02', '9.141e-02', '-1.052e-01', '1.240e-01', '1.176e-01', '2.021e-01', '-1.042e-03', '-3.121e-02', '-5.694e-03', '-4.310e-03', '8.656e-02', '-5.369e-03', '1.880e-02', '-2.141e-03', '-5.889e-03', '-1.398e-03', '-2.336e-02']
GE loop errors = ['2.903e-02', '8.753e-04', '-9.161e-02', '-2.310e-01', '-1.241e-01', '-4.191e-02', '-1.292e-01', '-1.737e-02', '-9.519e-03', '1.415e-01', '0.000e+00', '3.175e-02', '5.093e-04', '7.040e-04', '1.132e-01', '5.137e-04', '2.903e-02', '9.597e-04', '1.822e-04', '1.422e-03', '-2.751e-02']
GE loop errors = ['2.903e-02', '8.753e-04', '-9.161e-02', '-2.310e-01', '-1.241e-01', '-4.191e-02', '-1.292e-01', '-1.737e-02', '-9.519e-03', '1.415e-01', '0.000e+00', '3.175e-02', '5.093e-04', '7.040e-04', '1.132e-01', '5.137e-04', '2.903e-02', '9.597e-04', '1.822e-04', '1.422e-03', '-2.751e-02']
GE loop errors = ['2.903e-02', '8.753e-04', '-9.161e-02', '-2.310e-01', '-1.241e-01', '-4.191e-02', '-1.292e-01', '-1.737e-02', '-9.519e-03', '1.415e-01', '0.000e+00', '3.175e-02', '5.093e-04', '7.040e-04', '1.132e-01', '5.137e-04', '2.903e-02', '9.597e-04', '1.822e-04', '1.422e-03', '-2.751e-02']
GE loop errors = ['2.903e-02', '8.753e-04', '-9.161e-02', '-2.310e-01', '-1.241e-01', '-4.191e-02', '-1.292e-01', '-1.737e-02', '-9.519e-03', '1.415e-01', '0.000e+00', '3.175e-02', '5.093e-04', '7.040e-04', '1.132e-01', '5.137e-04', '2.903e-02', '9.597e-04', '1.822e-04', '1.422e-03', '-2.751e-02']
GE loop errors = ['2.903e-02', '8.753e-04', '-9.161e-02', '-2.310e-01', '-1.241e-01', '-4.191e-02', '-1.292e-01', '-1.737e-02', '-9.519e-03', '1.415e-01', '0.000e+00', '3.175e-02', '5.093e-04', '7.040e-04', '1.132e-01', '5.137e-04', '2.903e-02', '9.597e-04', '1.822e-04', '1.422e-03', '-2.751e-02']
GE loop errors = ['2.903e-02', '8.753e-04', '-9.161e-02', '-2.310e-01', '-1.241e-01', '-4.191e-02', '-1.292e-01', '-1.737e-02', '-9.519e-03', '1.415e-01', '0.000e+00', '3.175e-02', '5.093e-04', '7.040e-04', '1.132e-01', '5.137e-04', '2.903e-02', '9.597e-04', '1.822e-04', '1.422e-03', '-2.751e-02']
